2025-12-30 01:31:15 [tiep] REGISTER success
2025-12-30 01:31:16 [tiep] Login success
2025-12-30 01:31:22 [tiep] UPLOAD TKB20252-FULL.xlsx size=834293
2025-12-30 01:33:20 [tiep] Login success
2025-12-30 01:33:28 [tiep] CREATE_FOLDER 123
2025-12-30 01:33:34 [tiep] RENAME TKB20252-FULL.xlsx -> 123/TKB20252-FULL.xlsx
2025-12-30 01:33:42 [tiep] DELETE 123/TKB20252-FULL.xlsx
2025-12-30 01:33:43 [tiep] RESTORE 123
2025-12-30 01:33:45 [tiep] DELETE 123
2025-12-30 01:33:46 [tiep] LIST_DELETED
2025-12-30 01:34:38 [tiep] REGISTER success
2025-12-30 01:34:38 [tiep] Login success
2025-12-30 01:34:43 [tiep] UPLOAD TKB20252-FULL.xlsx size=834293
2025-12-30 01:35:12 [tiep] LIST_DELETED
2025-12-30 01:35:18 [tiep] RENAME TKB20252-FULL.xlsx -> TKB20252-FULL.xlsx
2025-12-30 01:35:19 [tiep] RENAME TKB20252-FULL.xlsx -> TKB20252-FULL.xlsx
2025-12-30 01:35:26 [tiep] RENAME TKB20252-FULL.xlsx -> TKB20252-FULLL.xlsx
2025-12-30 01:39:35 [tiep] DELETE TKB20252-FULLL.xlsx
2025-12-30 01:39:36 [tiep] RESTORE TKB20252-FULLL.xlsx
2025-12-30 01:39:37 [tiep] LIST_DELETED
2025-12-30 01:41:07 [tiep] Login success
2025-12-30 01:41:15 [tiep] RENAME TKB20252-FULLL.xlsx -> TKB20252-FULLL1.xlsx
